// Jest Snapshot v1, https://goo.gl/fbAQLP

exports[`Button should match snapshot 1`] = `
.c0 {
  height: 44px;
  background-color: #DA4167;
  color: #FFFFFF;
  font-family: Montserrat;
  border: none;
  font-size: 16px;
  padding: 0 16px;
  border-radius: 22px;
  cursor: pointer;
}

<div>
  <button
    class="c0"
  >
    Click me
  </button>
</div>
`;
